// Vitest Snapshot v1, https://vitest.dev/guide/snapshot.html

exports[`dist 1`] = `
[
  {
    "__docgenInfo": {
      "description": "",
      "displayName": "DefaultPropValueComponent",
      "props": {
        "color": {
          "defaultValue": {
            "value": "blue",
          },
          "description": "Button color.",
          "name": "color",
          "required": true,
          "type": {
            "name": ""blue" | "green"",
          },
        },
        "counter": {
          "defaultValue": {
            "value": 123,
          },
          "description": "Button counter.",
          "name": "counter",
          "required": false,
          "type": {
            "name": "number",
          },
        },
        "disabled": {
          "defaultValue": {
            "value": false,
          },
          "description": "Button disabled.",
          "name": "disabled",
          "required": false,
          "type": {
            "name": "boolean",
          },
        },
        "tabIndex": {
          "defaultValue": {
            "value": -1,
          },
          "description": "",
          "name": "tabIndex",
          "required": false,
          "type": {
            "name": "number",
          },
        },
      },
    },
    "displayName": "DefaultPropValueComponent",
    "name": "DefaultPropValueComponent",
  },
  {
    "name": "DirectDefaultExport",
  },
  {
    "name": "DirectDefaultExportUnnamed",
  },
  {
    "displayName": "MyButtonDisplayName",
    "name": "DisplayNameComponent",
  },
  {
    "name": "HyphenatedPropNameComponent",
  },
  {
    "name": "MultiPropsComponent",
  },
  {
    "name": "MultilineDescriptionComponent",
  },
  {
    "name": "SimpleComponent",
  },
  {
    "name": "TextOnlyComponent",
  },
]
`;
